Archive member included to satisfy reference by file (symbol)

/usr/lib/x86_64-linux-gnu/libc_nonshared.a(elf-init.oS)
                              /usr/bin/../lib/gcc/x86_64-linux-gnu/7.5.0/../../../x86_64-linux-gnu/crt1.o (__libc_csu_init)

Allocating common symbols
Common symbol       size              file

textureheight       0x8               build/r_data.o
bombdamage          0x4               build/p_map.o
intercept_p         0x8               build/p_maputl.o
ceilingline         0x8               build/p_map.o
screenheightarray   0x280             build/r_things.o
sscount             0x4               build/r_main.o
bottomtexture       0x4               build/r_segs.o
midtexture          0x4               build/r_segs.o
translationtables   0x8               build/r_draw.o
bestslideline       0x8               build/p_map.o
viewactive          0x4               build/g_game.o
finaleflat          0x8               build/f_finale.o
dc_texturemid       0x4               build/r_draw.o
pspritescale        0x4               build/r_things.o
sound_e             0x4               build/m_menu.o
flatmemory          0x4               build/r_data.o
viewcos             0x4               build/r_main.o
numlines            0x4               build/p_setup.o
dc_iscale           0x4               build/r_draw.o
numsectors          0x4               build/p_setup.o
totalsecret         0x4               build/g_game.o
bottomslope         0x4               build/p_sight.o
sendsave            0x4               build/g_game.o
cachedxstep         0x320             build/r_plane.o
savegamestrings     0xf0              build/m_menu.o
demoname            0x8               build/g_game.o
advancedemo         0x4               build/d_main.o
lines               0x8               build/p_setup.o
bmapheight          0x4               build/p_setup.o
rejectmatrix        0x8               build/p_setup.o
startepisode        0x4               build/d_main.o
setdetail           0x4               build/r_main.o
spechit             0xa0              build/p_map.o
centerxfrac         0x4               build/r_main.o
gamestate           0x4               build/g_game.o
savegamelength      0x4               build/p_saveg.o
skytexturemid       0x4               build/r_sky.o
itemrespawnque      0x500             build/p_mobj.o
overflowsprite      0x50              build/r_things.o
scalelight          0x1800            build/r_main.o
vertexes            0x8               build/p_setup.o
ds_x1               0x4               build/r_draw.o
mousey              0x4               build/g_game.o
pagename            0x8               build/d_main.o
offsetms            0x4               build/d_loop.o
skyflatnum          0x4               build/r_sky.o
toptexture          0x4               build/r_segs.o
t2x                 0x4               build/p_sight.o
vissprites          0x2800            build/r_things.o
lastanim            0x8               build/p_spec.o
epi                 0x4               build/m_menu.o
bodyqueslot         0x4               build/g_game.o
netgame             0x4               build/g_game.o
floorclip           0x280             build/r_plane.o
respawnmonsters     0x4               build/g_game.o
firstflat           0x4               build/r_data.o
vsprsortedhead      0x50              build/r_things.o
baseyscale          0x4               build/r_plane.o
mceilingclip        0x8               build/r_things.o
demosequence        0x4               build/d_main.o
displayplayer       0x4               build/g_game.o
extralight          0x4               build/r_main.o
iquetail            0x4               build/p_mobj.o
caststate           0x8               build/f_finale.o
segs                0x8               build/p_setup.o
d_map               0x4               build/g_game.o
numsides            0x4               build/p_setup.o
cd_Error            0x4               build/i_cdmus.o
texturetranslation  0x8               build/r_data.o
viewplayer          0x8               build/r_main.o
colfunc             0x8               build/r_main.o
dc_yl               0x4               build/r_draw.o
storedemo           0x4               build/d_main.o
dc_yh               0x4               build/r_draw.o
drawsegs            0x4000            build/r_bsp.o
myargc              0x4               build/m_argv.o
turbodetected       0x10              build/g_game.o
blocklinks          0x8               build/p_setup.o
ds_colormap         0x8               build/r_draw.o
demo_p              0x8               build/g_game.o
ceilingfunc         0x8               build/r_plane.o
ds_xstep            0x4               build/r_draw.o
walllights          0x8               build/r_segs.o
respawnparm         0x4               build/d_main.o
dc_colormap         0x8               build/r_draw.o
dc_translation      0x8               build/r_draw.o
usething            0x8               build/p_map.o
[...]
Memory Configuration

Name             Origin             Length             Attributes
*default*        0x0000000000000000 0xffffffffffffffff

Linker script and memory map

LOAD /usr/bin/../lib/gcc/x86_64-linux-gnu/7.5.0/../../../x86_64-linux-gnu/crt1.o
LOAD /usr/bin/../lib/gcc/x86_64-linux-gnu/7.5.0/../../../x86_64-linux-gnu/crti.o
LOAD /usr/bin/../lib/gcc/x86_64-linux-gnu/7.5.0/crtbegin.o
LOAD build/dummy.o
LOAD build/am_map.o
LOAD build/doomdef.o
LOAD build/doomstat.o
LOAD build/dstrings.o
LOAD build/d_event.o
LOAD build/d_items.o
LOAD build/d_iwad.o
LOAD build/d_loop.o
LOAD build/d_main.o
LOAD build/d_mode.o
LOAD build/d_net.o
LOAD build/f_finale.o
LOAD build/f_wipe.o
LOAD build/g_game.o
LOAD build/hu_lib.o
LOAD build/hu_stuff.o
LOAD build/info.o
LOAD build/i_cdmus.o
LOAD build/i_endoom.o
LOAD build/i_joystick.o
LOAD build/i_scale.o
LOAD build/i_sound.o
LOAD build/i_system.o
LOAD build/i_timer.o
LOAD build/memio.o
LOAD build/m_argv.o
LOAD build/m_bbox.o
LOAD build/m_cheat.o
LOAD build/m_config.o
LOAD build/m_controls.o
LOAD build/m_fixed.o
LOAD build/m_menu.o
LOAD build/m_misc.o
LOAD build/m_random.o
LOAD build/p_ceilng.o
LOAD build/p_doors.o
LOAD build/p_enemy.o
LOAD build/p_floor.o
LOAD build/p_inter.o
LOAD build/p_lights.o
LOAD build/p_map.o
LOAD build/p_maputl.o
LOAD build/p_mobj.o
LOAD build/p_plats.o
LOAD build/p_pspr.o
LOAD build/p_saveg.o
LOAD build/p_setup.o
LOAD build/p_sight.o
LOAD build/p_spec.o
LOAD build/p_switch.o
LOAD build/p_telept.o
LOAD build/p_tick.o
LOAD build/p_user.o
LOAD build/r_bsp.o
LOAD build/r_data.o
LOAD build/r_draw.o
LOAD build/r_main.o
LOAD build/r_plane.o
LOAD build/r_segs.o
LOAD build/r_sky.o
LOAD build/r_things.o
LOAD build/sha1.o
LOAD build/sounds.o
LOAD build/statdump.o
LOAD build/st_lib.o
LOAD build/st_stuff.o
LOAD build/s_sound.o
LOAD build/tables.o
LOAD build/v_video.o
LOAD build/wi_stuff.o
LOAD build/w_checksum.o
LOAD build/w_file.o
LOAD build/w_main.o
LOAD build/w_wad.o
LOAD build/z_zone.o
LOAD build/w_file_stdc.o
LOAD build/i_input.o
LOAD build/i_video.o
LOAD build/doomgeneric.o
LOAD build/doomgeneric_xlib.o
LOAD /usr/bin/../lib/gcc/x86_64-linux-gnu/7.5.0/../../../x86_64-linux-gnu/libm.so
START GROUP
LOAD /lib/x86_64-linux-gnu/libm.so.6
LOAD /usr/lib/x86_64-linux-gnu/libmvec_nonshared.a
LOAD /lib/x86_64-linux-gnu/libmvec.so.1
END GROUP
LOAD /usr/bin/../lib/gcc/x86_64-linux-gnu/7.5.0/../../../x86_64-linux-gnu/libc.so
START GROUP
LOAD /lib/x86_64-linux-gnu/libc.so.6
LOAD /usr/lib/x86_64-linux-gnu/libc_nonshared.a
LOAD /lib/x86_64-linux-gnu/ld-linux-x86-64.so.2
END GROUP
LOAD /usr/bin/../lib/gcc/x86_64-linux-gnu/7.5.0/../../../x86_64-linux-gnu/libX11.so
LOAD /usr/bin/../lib/gcc/x86_64-linux-gnu/7.5.0/libgcc.a
LOAD /usr/bin/../lib/gcc/x86_64-linux-gnu/7.5.0/libgcc_s.so
START GROUP
LOAD /usr/bin/../lib/gcc/x86_64-linux-gnu/7.5.0/libgcc_s.so.1
LOAD /usr/bin/../lib/gcc/x86_64-linux-gnu/7.5.0/libgcc.a
END GROUP
LOAD /usr/bin/../lib/gcc/x86_64-linux-gnu/7.5.0/../../../x86_64-linux-gnu/libc.so
START GROUP
LOAD /lib/x86_64-linux-gnu/libc.so.6
LOAD /usr/lib/x86_64-linux-gnu/libc_nonshared.a
LOAD /lib/x86_64-linux-gnu/ld-linux-x86-64.so.2
END GROUP
LOAD /usr/bin/../lib/gcc/x86_64-linux-gnu/7.5.0/libgcc.a
LOAD /usr/bin/../lib/gcc/x86_64-linux-gnu/7.5.0/libgcc_s.so
START GROUP
LOAD /usr/bin/../lib/gcc/x86_64-linux-gnu/7.5.0/libgcc_s.so.1
LOAD /usr/bin/../lib/gcc/x86_64-linux-gnu/7.5.0/libgcc.a
END GROUP
LOAD /usr/bin/../lib/gcc/x86_64-linux-gnu/7.5.0/crtend.o
LOAD /usr/bin/../lib/gcc/x86_64-linux-gnu/7.5.0/../../../x86_64-linux-gnu/crtn.o
                [!provide]                        PROVIDE (__executable_start = SEGMENT_START ("text-segment", 0x400000))
                0x0000000000400238                . = (SEGMENT_START ("text-segment", 0x400000) + SIZEOF_HEADERS)

.interp         0x0000000000400238       0x1c
 *(.interp)
 .interp        0x0000000000400238       0x1c /usr/bin/../lib/gcc/x86_64-linux-gnu/7.5.0/../../../x86_64-linux-gnu/crt1.o

.note.ABI-tag   0x0000000000400254       0x20
 .note.ABI-tag  0x0000000000400254       0x20 /usr/bin/../lib/gcc/x86_64-linux-gnu/7.5.0/../../../x86_64-linux-gnu/crt1.o

.note.gnu.build-id
 *(.note.gnu.build-id)

.hash
 *(.hash)

.gnu.hash       0x0000000000400278       0x3c
 *(.gnu.hash)
 .gnu.hash      0x0000000000400278       0x3c /usr/bin/../lib/gcc/x86_64-linux-gnu/7.5.0/../../../x86_64-linux-gnu/crt1.o

.dynsym         0x00000000004002b8      0x630
 *(.dynsym)
 .dynsym        0x00000000004002b8      0x630 /usr/bin/../lib/gcc/x86_64-linux-gnu/7.5.0/../../../x86_64-linux-gnu/crt1.o

.dynstr         0x00000000004008e8      0x29c
 *(.dynstr)
 .dynstr        0x00000000004008e8      0x29c /usr/bin/../lib/gcc/x86_64-linux-gnu/7.5.0/../../../x86_64-linux-gnu/crt1.o

.gnu.version    0x0000000000400b84       0x84
 *(.gnu.version)
 .gnu.version   0x0000000000400b84       0x84 /usr/bin/../lib/gcc/x86_64-linux-gnu/7.5.0/../../../x86_64-linux-gnu/crt1.o

.gnu.version_d  0x0000000000400c08        0x0
 *(.gnu.version_d)
 .gnu.version_d
                0x0000000000400c08        0x0 /usr/bin/../lib/gcc/x86_64-linux-gnu/7.5.0/../../../x86_64-linux-gnu/crt1.o

.gnu.version_r  0x0000000000400c08       0x50
 *(.gnu.version_r)
 .gnu.version_r
                0x0000000000400c08       0x50 /usr/bin/../lib/gcc/x86_64-linux-gnu/7.5.0/../../../x86_64-linux-gnu/crt1.o

.rela.dyn       0x0000000000400c58       0x48
 *(.rela.init)
 *(.rela.text .rela.text.* .rela.gnu.linkonce.t.*)
 .rela.text     0x0000000000400c58        0x0 /usr/bin/../lib/gcc/x86_64-linux-gnu/7.5.0/../../../x86_64-linux-gnu/crt1.o
 *(.rela.fini)
 *(.rela.rodata .rela.rodata.* .rela.gnu.linkonce.r.*)
 .rela.rodata   0x0000000000400c58        0x0 /usr/bin/../lib/gcc/x86_64-linux-gnu/7.5.0/../../../x86_64-linux-gnu/crt1.o
 *(.rela.data .rela.data.* .rela.gnu.linkonce.d.*)
 .rela.data.rel.ro
                0x0000000000400c58        0x0 /usr/bin/../lib/gcc/x86_64-linux-gnu/7.5.0/../../../x86_64-linux-gnu/crt1.o
 *(.rela.tdata .rela.tdata.* .rela.gnu.linkonce.td.*)
 *(.rela.tbss .rela.tbss.* .rela.gnu.linkonce.tb.*)
 *(.rela.ctors)
 *(.rela.dtors)
 *(.rela.got)
 .rela.got      0x0000000000400c58       0x30 /usr/bin/../lib/gcc/x86_64-linux-gnu/7.5.0/../../../x86_64-linux-gnu/crt1.o
 *(.rela.bss .rela.bss.* .rela.gnu.linkonce.b.*)
 .rela.bss      0x0000000000400c88       0x18 /usr/bin/../lib/gcc/x86_64-linux-gnu/7.5.0/../../../x86_64-linux-gnu/crt1.o
 *(.rela.ldata .rela.ldata.* .rela.gnu.linkonce.l.*)
 *(.rela.lbss .rela.lbss.* .rela.gnu.linkonce.lb.*)
 *(.rela.lrodata .rela.lrodata.* .rela.gnu.linkonce.lr.*)
 *(.rela.ifunc)

.rela.plt       0x0000000000400ca0      0x558
 *(.rela.plt)
 .rela.plt      0x0000000000400ca0      0x558 /usr/bin/../lib/gcc/x86_64-linux-gnu/7.5.0/../../../x86_64-linux-gnu/crt1.o
                [!provide]                        PROVIDE (__rela_iplt_start = .)
 *(.rela.iplt)
 .rela.iplt     0x00000000004011f8        0x0 /usr/bin/../lib/gcc/x86_64-linux-gnu/7.5.0/../../../x86_64-linux-gnu/crt1.o
                [!provide]                        PROVIDE (__rela_iplt_end = .)

.init           0x00000000004011f8       0x17
 *(SORT_NONE(.init))
 .init          0x00000000004011f8       0x12 /usr/bin/../lib/gcc/x86_64-linux-gnu/7.5.0/../../../x86_64-linux-gnu/crti.o
                0x00000000004011f8                _init
 .init          0x000000000040120a        0x5 /usr/bin/../lib/gcc/x86_64-linux-gnu/7.5.0/../../../x86_64-linux-gnu/crtn.o

.plt            0x0000000000401210      0x3a0
 *(.plt)
 .plt           0x0000000000401210      0x3a0 /usr/bin/../lib/gcc/x86_64-linux-gnu/7.5.0/../../../x86_64-linux-gnu/crt1.o
                0x0000000000401220                XkbSetDetectableAutoRepeat
                0x0000000000401230                printf@@GLIBC_2.2.5
                0x0000000000401240                memset@@GLIBC_2.2.5
                0x0000000000401250                ftell@@GLIBC_2.2.5
                0x0000000000401260                snprintf@@GLIBC_2.2.5
                0x0000000000401270                memchr@@GLIBC_2.2.5
                0x0000000000401280                puts@@GLIBC_2.2.5
                0x0000000000401290                fseek@@GLIBC_2.2.5
                0x00000000004012a0                __isoc99_sscanf@@GLIBC_2.7
                0x00000000004012b0                toupper@@GLIBC_2.2.5
                0x00000000004012c0                exit@@GLIBC_2.2.5
                0x00000000004012d0                XCreateImage
                0x00000000004012e0                strcasecmp@@GLIBC_2.2.5
                0x00000000004012f0                gettimeofday@@GLIBC_2.2.5
                0x0000000000401300                putchar@@GLIBC_2.2.5
                0x0000000000401310                strncmp@@GLIBC_2.2.5
                0x0000000000401320                malloc@@GLIBC_2.2.5
                0x0000000000401330                fopen@@GLIBC_2.2.5
                0x0000000000401340                system@@GLIBC_2.2.5
                0x0000000000401350                XCreateSimpleWindow
                0x0000000000401360                XOpenDisplay
                0x0000000000401370                atof@@GLIBC_2.2.5
                0x0000000000401380                vfprintf@@GLIBC_2.2.5
                0x0000000000401390                __ctype_toupper_loc@@GLIBC_2.3
                0x00000000004013a0                free@@GLIBC_2.2.5
                0x00000000004013b0                strlen@@GLIBC_2.2.5
                0x00000000004013c0                XSetForeground
                0x00000000004013d0                strrchr@@GLIBC_2.2.5
                0x00000000004013e0                XNextEvent
                0x00000000004013f0                usleep@@GLIBC_2.2.5
                0x0000000000401400                strstr@@GLIBC_2.2.5
                0x0000000000401410                atoi@@GLIBC_2.2.5
                0x0000000000401420                XMapWindow
                0x0000000000401430                vsnprintf@@GLIBC_2.2.5
                0x0000000000401440                fread@@GLIBC_2.2.5
                0x0000000000401450                XCreateGC
                0x0000000000401460                XSelectInput
                0x0000000000401470                __errno_location@@GLIBC_2.2.5
                0x0000000000401480                strdup@@GLIBC_2.2.5
                0x0000000000401490                strncasecmp@@GLIBC_2.2.5
                0x00000000004014a0                XPutImage
                0x00000000004014b0                strcmp@@GLIBC_2.2.5
                0x00000000004014c0                tolower@@GLIBC_2.2.5
                0x00000000004014d0                XKeycodeToKeysym
                0x00000000004014e0                calloc@@GLIBC_2.2.5
                0x00000000004014f0                fclose@@GLIBC_2.2.5
                0x0000000000401500                remove@@GLIBC_2.2.5
                0x0000000000401510                strncpy@@GLIBC_2.2.5
                0x0000000000401520                XChangeProperty
                0x0000000000401530                fwrite@@GLIBC_2.2.5
                0x0000000000401540                realloc@@GLIBC_2.2.5
                0x0000000000401550                fprintf@@GLIBC_2.2.5
                0x0000000000401560                memcpy@@GLIBC_2.14
                0x0000000000401570                rename@@GLIBC_2.2.5
                0x0000000000401580                XPending
                0x0000000000401590                mkdir@@GLIBC_2.2.5
                0x00000000004015a0                fflush@@GLIBC_2.2.5
 *(.iplt)
 .iplt          0x00000000004015b0        0x0 /usr/bin/../lib/gcc/x86_64-linux-gnu/7.5.0/../../../x86_64-linux-gnu/crt1.o

.plt.got        0x00000000004015b0        0x0
 *(.plt.got)
 .plt.got       0x00000000004015b0        0x0 /usr/bin/../lib/gcc/x86_64-linux-gnu/7.5.0/../../../x86_64-linux-gnu/crt1.o

.plt.sec
 *(.plt.sec)

.text           0x00000000004015b0    0x25e42
 *(.text.unlikely .text.*_unlikely .text.unlikely.*)
 *(.text.exit .text.exit.*)
 *(.text.startup .text.startup.*)
 *(.text.hot .text.hot.*)
 *(.text .stub .text.* .gnu.linkonce.t.*)
 .text          0x00000000004015b0       0x32 /usr/bin/../lib/gcc/x86_64-linux-gnu/7.5.0/../../../x86_64-linux-gnu/crt1.o
                0x00000000004015b0                _start
                0x00000000004015e0                _dl_relocate_static_pie
 *fill*         0x00000000004015e2        0xe 
 .text          0x00000000004015f0       0xa7 /usr/bin/../lib/gcc/x86_64-linux-gnu/7.5.0/crtbegin.o
 *fill*         0x0000000000401697        0x1 
 .text          0x0000000000401698     0x1a53 build/am_map.o
                0x0000000000401698                AM_getIslope
                0x00000000004016ea                AM_activateNewScale
                0x000000000040179f                AM_saveScaleAndLoc
                0x00000000004017d0                AM_restoreScaleAndLoc
                0x0000000000401879                AM_addMark
                0x00000000004018df                AM_findMinMaxBoundaries
                0x00000000004019f6                AM_changeWindowLoc
                0x0000000000401ab7                AM_initVariables
                0x0000000000401c12                AM_loadPics
                0x0000000000401c5c                AM_unloadPics
                0x0000000000401c95                AM_clearMarks
                0x0000000000401cb7                AM_LevelInit
                0x0000000000401d2a                AM_Stop
                0x0000000000401d4d                AM_Start
                0x0000000000401dc2                AM_minOutWindowScale
                0x0000000000401de5                AM_maxOutWindowScale
                0x0000000000401e08                AM_Responder
                0x0000000000402279                AM_changeWindowScale
                0x00000000004022d9                AM_doFollowPlayer
                0x00000000004023ae                AM_updateLightLev
                0x0000000000402417                AM_Ticker
                0x000000000040245e                AM_clearFB
                0x0000000000402496                AM_clipMline
                0x0000000000402816                AM_drawFline
                0x0000000000402996                AM_drawMline
                0x00000000004029b6                AM_drawGrid
                0x0000000000402ac8                AM_drawWalls
                0x0000000000402bf8                AM_rotate
                0x0000000000402c63                AM_drawLineCharacter
                0x0000000000402dad                AM_drawPlayers
                0x0000000000402e7d                AM_drawThings
                0x0000000000402efa                AM_drawMarks
                0x0000000000402fd0                AM_drawCrosshair
                0x000000000040300c                AM_Drawer
 *fill*         0x00000000004030eb        0x1 
 .text          0x00000000004030ec       0x7b build/d_event.o
                0x00000000004030ec                D_PostEvent
                0x000000000040312c                D_PopEvent
 *fill*         0x0000000000403167        0x1 
 .text          0x0000000000403168      0x3f2 build/d_iwad.o
                0x0000000000403168                D_FindWADByName
                0x000000000040327a                D_TryFindWADByName
                0x000000000040328c                D_FindIWAD
                0x000000000040347d                D_FindAllIWADs
                0x00000000004034e2                D_SaveGameIWADName
                0x0000000000403505                D_SuggestIWADName
                0x000000000040352d                D_SuggestGameName
 *fill*         0x000000000040355a        0x2 
 .text          0x000000000040355c      0x5f0 build/d_loop.o
                0x000000000040355c                NetUpdate
                0x00000000004036d1                D_ReceiveTic
                0x0000000000403769                D_StartGameLoop
                0x00000000004037b6                D_StartNetGame
                0x00000000004037ed                D_InitNetGame
                0x000000000040380d                D_QuitNetGame
                0x000000000040380e                TryRunTics
                0x0000000000403b44                D_RegisterLoopCallbacks
 .text          0x0000000000403b4c     0x13b8 build/d_main.o
                0x0000000000403b4c                D_ProcessEvents
                0x0000000000403b7b                D_Display
                0x0000000000403ec6                D_PageDrawer
                0x0000000000403ee5                D_BindVariables
                0x0000000000404009                D_GrabMouseCallback
                0x000000000040403b                doomgeneric_Tick
                0x0000000000404071                D_DoomLoop
                0x0000000000404108                D_PageTicker
                0x0000000000404127                D_AdvanceDemo
                0x0000000000404132                D_DoAdvanceDemo
                0x000000000040429f                D_StartTitle
                0x00000000004042be                D_IdentifyVersion
                0x0000000000404445                D_SetGameDescription
                0x000000000040452a                PrintDehackedBanners
                0x000000000040452b                PrintGameVersion
                0x000000000040455f                D_DoomMain
 .text          0x0000000000404f04      0x11a build/d_mode.o
                0x0000000000404f04                D_ValidGameMode
                0x0000000000404f2a                D_ValidEpisodeMap
                0x0000000000404f98                D_GetNumEpisodes
                0x0000000000404fc5                D_ValidGameVersion
                0x0000000000404ff4                D_IsEpisodeMap
                0x0000000000405007                D_GameMissionString
 *fill*         0x000000000040501e        0x2 
 .text          0x0000000000405020      0x379 build/d_net.o
                0x0000000000405020                D_ConnectNetGame
                0x00000000004050fc                D_CheckNetGame
 *fill*         0x0000000000405399        0x3 
 .text          0x000000000040539c      0xb4a build/f_finale.o
                0x000000000040539c                F_StartFinale
                0x000000000040547c                F_Responder
                0x0000000000405488                F_CastResponder
                0x0000000000405506                F_Ticker
                0x00000000004055d0                F_StartCast
                0x0000000000405643                F_CastTicker
                0x0000000000405a27                F_TextWrite
                0x0000000000405b55                F_CastPrint
                0x0000000000405c04                F_CastDrawer
                0x0000000000405c9b                F_DrawPatchCol
                0x0000000000405cff                F_BunnyScroll
                0x0000000000405e76                F_Drawer
 *fill*         0x0000000000405ee6        0x2 
 .text          0x0000000000405ee8      0x4ea build/f_wipe.o
                0x0000000000405ee8                wipe_shittyColMajorXform
                0x0000000000405f88                wipe_initColorXForm
                0x0000000000405fac                wipe_doColorXForm
                0x0000000000406010                wipe_exitColorXForm
                0x0000000000406013                wipe_initMelt
                0x000000000040610a                wipe_doMelt
                0x0000000000406299                wipe_exitMelt
                0x00000000004062c2                wipe_StartScreen
                0x00000000004062e7                wipe_EndScreen
                0x000000000040633b                wipe_ScreenWipe
 *fill*         0x00000000004063d2        0x2 
 .text          0x00000000004063d4     0x22fd build/g_game.o
                0x00000000004063d4                G_CmdChecksum
                0x00000000004063e8                G_BuildTiccmd
                0x0000000000406adc                G_DoLoadLevel
                0x0000000000406c6c                G_Responder
                0x0000000000406f71                G_Ticker
                0x00000000004072c4                G_DoReborn
                0x000000000040738e                G_DoNewGame
                0x00000000004073f1                G_DoLoadGame
                0x00000000004074a5                G_DoSaveGame
                0x00000000004075eb                G_DoPlayDemo
                0x00000000004077f5                G_DoCompleted
                0x0000000000407ad1                G_DoWorldDone
                0x0000000000407b00                G_ReadDemoTiccmd
                0x0000000000407b80                G_WriteDemoTiccmd
                0x0000000000407cc9                G_InitPlayer
                0x0000000000407ccb                G_PlayerReborn
                0x0000000000407d68                G_PlayerFinishLevel
                0x0000000000407dac                G_CheckSpot
                0x0000000000407f87                G_DeathMatchSpawnPlayer
                0x0000000000408023                G_ScreenShot
                0x000000000040802e                G_ExitLevel
                0x0000000000408043                G_SecretExitLevel
                0x000000000040807a                G_WorldDone
                0x00000000004080d8                G_LoadGame
                0x00000000004080fa                G_InitNew
                0x00000000004082d5                G_SaveGame
                0x00000000004082f7                G_DeferedInitNew
                0x0000000000408314                G_CheckDemoStatus
                0x0000000000408444                G_RecordDemo
                0x00000000004084f4                G_VanillaVersionCode
                0x0000000000408532                G_BeginRecording
                0x0000000000408687                G_DeferedPlayDemo
                0x0000000000408699                G_TimeDemo
 *fill*         0x00000000004086d1        0x3 
 .text          0x00000000004086d4      0x5da build/hu_lib.o
                0x00000000004086d4                HUlib_init
                0x00000000004086d5                HUlib_clearTextLine
                0x00000000004086e8                HUlib_initTextLine
                0x0000000000408708                HUlib_addCharToTextLine
                0x0000000000408735                HUlib_delCharFromTextLine
                0x000000000040875a                HUlib_drawTextLine
                0x000000000040882f                HUlib_eraseTextLine
                0x00000000004088e6                HUlib_initSText
                0x0000000000408953                HUlib_addLineToSText
                0x00000000004089a1                HUlib_addMessageToSText
                0x0000000000408a57                HUlib_drawSText
                0x0000000000408ab1                HUlib_eraseSText
                0x0000000000408b17                HUlib_initIText
                0x0000000000408b4c                HUlib_delCharFromIText
                0x0000000000408b6e                HUlib_eraseLineFromIText
                0x0000000000408b98                HUlib_resetIText
                0x0000000000408bb2                HUlib_addPrefixToIText
                0x0000000000408bef                HUlib_keyInIText
                0x0000000000408c67                HUlib_drawIText
                0x0000000000408c7b                HUlib_eraseIText
 *fill*         0x0000000000408cae        0x2 
 .text          0x0000000000408cb0      0x809 build/hu_stuff.o
                0x0000000000408cb0                HU_Init
                0x0000000000408cfc                HU_Stop
                0x0000000000408d04                HU_Start
                0x0000000000408eb9                HU_Drawer
                0x0000000000408ee6                HU_Erase
                0x0000000000408f06                HU_Ticker
                0x00000000004090bc                HU_queueChatChar
                0x00000000004090f2                HU_dequeueChatChar
                0x0000000000409118                HU_Responder
 *fill*         0x00000000004094b9        0x3 
 .text          0x00000000004094bc        0x1 build/i_endoom.o
                0x00000000004094bc                I_Endoom
 *fill*         0x00000000004094bd        0x3 
 .text          0x00000000004094c0       0xc7 build/i_joystick.o
                0x00000000004094c0                I_ShutdownJoystick
                0x00000000004094c1                I_InitJoystick
                0x00000000004094c2                I_UpdateJoystick
                0x00000000004094c3                I_BindJoystickVariables
 *fill*         0x0000000000409587        0x1 
 .text          0x0000000000409588       0xd4 build/i_sound.o
                0x0000000000409588                I_InitSound
                0x00000000004095a8                I_ShutdownSound
                0x00000000004095a9                I_GetSfxLumpNum
                0x00000000004095ac                I_UpdateSound
                0x00000000004095ad                I_UpdateSoundParams
                0x00000000004095ae                I_StartSound
                0x00000000004095b1                I_StopSound
                0x00000000004095b2                I_SoundIsPlaying
                0x00000000004095b5                I_PrecacheSounds
                0x00000000004095b6                I_InitMusic
                0x00000000004095b7                I_ShutdownMusic
                0x00000000004095b8                I_SetMusicVolume
                0x00000000004095b9                I_PauseSong
                0x00000000004095ba                I_ResumeSong
                0x00000000004095bb                I_RegisterSong
                0x00000000004095be                I_UnRegisterSong
                0x00000000004095bf                I_PlaySong
                0x00000000004095c0                I_StopSong
                0x00000000004095c1                I_MusicIsPlaying
                0x00000000004095c4                I_BindSoundVariables
 .text          0x000000000040965c      0x506 build/i_system.o
                0x000000000040965c                I_AtExit
                0x000000000040968d                I_Tactile
                0x000000000040968e                I_ZoneBase
                0x0000000000409725                I_PrintBanner
                0x000000000040975a                I_PrintDivider
                0x0000000000409779                I_PrintStartupBanner
                0x000000000040979c                I_ConsoleStdout
                0x000000000040979f                I_Quit
                0x00000000004097b6                I_Error
                0x00000000004099e4                I_GetMemoryValue
 *fill*         0x0000000000409b62        0x2 
 .text          0x0000000000409b64       0x58 build/i_timer.o
                0x0000000000409b64                I_GetTicks
                0x0000000000409b6b                I_GetTime
                0x0000000000409b97                I_GetTimeMS
                0x0000000000409bb5                I_Sleep
                0x0000000000409bba                I_WaitVBL
                0x0000000000409bbb                I_InitTimer
 .text          0x0000000000409bbc       0x92 build/m_argv.o
                0x0000000000409bbc                M_CheckParmWithArgs
                0x0000000000409c11                M_ParmExists
                0x0000000000409c24                M_CheckParm
                0x0000000000409c28                M_FindResponseFile
                0x0000000000409c29                M_GetExecutableName
 *fill*         0x0000000000409c4e        0x2 
 .text          0x0000000000409c50       0x33 build/m_bbox.o
                0x0000000000409c50                M_ClearBox
                0x0000000000409c5b                M_AddToBox
 *fill*         0x0000000000409c83        0x1 
 .text          0x0000000000409c84       0xbf build/m_cheat.o
                0x0000000000409c84                cht_CheckCheat
                0x0000000000409d30                cht_GetParam
 *fill*         0x0000000000409d43        0x1 
 .text          0x0000000000409d44      0x33c build/m_config.o
                0x0000000000409d44                M_SetConfigFilenames
                0x0000000000409d53                M_SaveDefaults
                0x0000000000409d54                M_SaveDefaultsAlternate
                0x0000000000409d55                M_LoadDefaults
                0x0000000000409e15                M_BindVariable
                0x0000000000409e78                M_SetVariable
                0x0000000000409f0b                M_GetIntVariable
                0x0000000000409f2f                M_GetStrVariable
                0x0000000000409f53                M_GetFloatVariable
                0x0000000000409f77                M_SetConfigDir
                0x0000000000409fbd                M_GetSaveGameDir
 .text          0x000000000040a080      0x75f build/m_controls.o
                0x000000000040a080                M_BindBaseControls
                0x000000000040a217                M_BindHereticControls
                0x000000000040a2a0                M_BindHexenControls
                0x000000000040a347                M_BindStrifeControls
                0x000000000040a475                M_BindWeaponControls
                0x000000000040a549                M_BindMapControls
                0x000000000040a5ff                M_BindMenuControls
                0x000000000040a778                M_BindChatControls
                0x000000000040a7de                M_ApplyPlatformDefaults
 *fill*         0x000000000040a7df        0x1 
 .text          0x000000000040a7e0       0x45 build/m_fixed.o
                0x000000000040a7e0                FixedMul
                0x000000000040a7ef                FixedDiv
 *fill*         0x000000000040a825        0x3 
 .text          0x000000000040a828     0x1f39 build/m_menu.o
                0x000000000040a828                M_NewGame
                0x000000000040a8b9                M_Options
                0x000000000040a8d3                M_LoadGame
                0x000000000040a938                M_SaveGame
                0x000000000040a9a7                M_ReadThis
                0x000000000040a9c1                M_QuitDOOM
                0x000000000040aa4c                M_DrawMainMenu
                0x000000000040aa6f                M_Episode
                0x000000000040ab0d                M_DrawEpisode
                0x000000000040ab30                M_ChooseSkill
                0x000000000040ab8a                M_DrawNewGame
                0x000000000040abce                M_EndGame
                0x000000000040ac55                M_ChangeMessages
                0x000000000040ac95                M_ChangeDetail
                0x000000000040acde                M_SizeDisplay
                0x000000000040ad25                M_ChangeSensitivity
                0x000000000040ad50                M_Sound
                0x000000000040ad6a                M_DrawOptions
                0x000000000040ae4b                M_ReadThis2
                0x000000000040ae8f                M_DrawReadThis1
                0x000000000040af46                M_FinishReadThis
                0x000000000040af60                M_DrawReadThis2
                0x000000000040af87                M_SfxVol
                0x000000000040afc5                M_MusicVol
                0x000000000040b003                M_DrawSound
                0x000000000040b068                M_LoadSelect
                0x000000000040b0a3                M_DrawLoad
                0x000000000040b113                M_SaveSelect
                0x000000000040b169                M_DrawSave
                0x000000000040b222                M_ReadSaveStrings
                0x000000000040b2cb                M_DrawSaveLoadBorder
                0x000000000040b355                M_WriteText
                0x000000000040b3c5                M_ClearMenus
                0x000000000040b3d0                M_StartMessage
                0x000000000040b402                M_SetupNextMenu
                0x000000000040b415                M_StringWidth
                0x000000000040b47b                M_DoSave
                0x000000000040b4ad                M_QuickSaveResponse
                0x000000000040b4f7                M_QuickSave
                0x000000000040b5d9                M_StartControlPanel
                0x000000000040b607                M_QuickLoadResponse
                0x000000000040b629                M_QuickLoad
                0x000000000040b6b7                M_DrawThermo
                0x000000000040b776                M_VerifyNightmare
                0x000000000040b7a5                M_EndGameResponse
                0x000000000040b7cf                M_QuitResponse
                0x000000000040b826                M_DrawEmptyCell
                0x000000000040b85e                M_DrawSelCell
                0x000000000040b896                M_StopMessage
                0x000000000040b8ad                M_StringHeight
                0x000000000040b907                M_Responder
                0x000000000040c461                M_Drawer
                0x000000000040c687                M_Ticker
                0x000000000040c6ae                M_Init
 *fill*         0x000000000040c761        0x3 
 .text          0x000000000040c764      0x7ad build/m_misc.o
                0x000000000040c764                M_MakeDirectory
                0x000000000040c76e                M_FileExists
                0x000000000040c79f                M_FileLength
                0x000000000040c7df                M_WriteFile
                0x000000000040c82c                M_ReadFile
                0x000000000040c8ca                M_TempFile
                0x000000000040c8dd                M_StringJoin
                0x000000000040ca5a                M_StrToInt
                0x000000000040cacd                M_ExtractFileBase
                0x000000000040cb4e                M_ForceUppercase
                0x000000000040cb83                M_StrCaseStr
                0x000000000040cbe0                M_StringDuplicate
                0x000000000040cc19                M_StringReplace
                0x000000000040cd27                M_StringCopy
                0x000000000040cd68                M_StringConcat
                0x000000000040cd98                M_StringStartsWith
                0x000000000040cdda                M_StringEndsWith
                0x000000000040ce1f                M_vsnprintf
                0x000000000040ce5c                M_snprintf
 *fill*         0x000000000040cf11        0x3 
 .text          0x000000000040cf14       0x41 build/m_random.o
                0x000000000040cf14                P_Random
                0x000000000040cf2d                M_Random
                0x000000000040cf46                M_ClearRandom
 *fill*         0x000000000040cf55        0x3 
 .text          0x000000000040cf58      0x3f7 build/p_ceilng.o
                0x000000000040cf58                T_MoveCeiling
                0x000000000040d09d                P_RemoveActiveCeiling
                0x000000000040d0e0                EV_DoCeiling
                0x000000000040d2ae                P_ActivateInStasisCeiling
                0x000000000040d2e5                P_AddActiveCeiling
                0x000000000040d305                EV_CeilingCrushStop
 *fill*         0x000000000040d34f        0x1 
 .text          0x000000000040d350      0x731 build/p_doors.o
                0x000000000040d350                T_VerticalDoor
                0x000000000040d4d7                EV_DoLockedDoor
                0x000000000040d580                EV_DoDoor
                0x000000000040d753                EV_VerticalDoor
                0x000000000040d9b4                P_SpawnDoorCloseIn30
                0x000000000040da0c                P_SpawnDoorRaiseIn5Mins
 *fill*         0x000000000040da81        0x3 
 .text          0x000000000040da84     0x1fea build/p_enemy.o
                0x000000000040da84                P_RecursiveSound
                0x000000000040db4c                P_NoiseAlert
                0x000000000040db67                P_CheckMeleeRange
                0x000000000040dbc1                P_CheckMissileRange
                0x000000000040dca2                P_Move
                0x000000000040ddc1                P_TryWalk
                0x000000000040dde7                P_NewChaseDir
                0x000000000040dfd5                P_LookForPlayers
                0x000000000040e0b9                A_KeenDie
                0x000000000040e126                A_Fall
                0x000000000040e12e                A_Look
                0x000000000040e1fe                A_Chase
                0x000000000040e40e                A_FaceTarget
                0x000000000040e466                A_PosAttack
                0x000000000040e50e                A_SPosAttack
                0x000000000040e5b4                A_CPosAttack
                0x000000000040e65c                A_CPosRefire
                0x000000000040e6a5                A_SpidRefire
                0x000000000040e6ee                A_BspiAttack
                0x000000000040e71b                A_TroopAttack
                0x000000000040e78e                A_SargAttack
                0x000000000040e7ee                A_HeadAttack
                0x000000000040e865                A_CyberAttack
                0x000000000040e892                A_BruisAttack
                0x000000000040e900                A_SkelMissile
                0x000000000040e954                A_Tracer
                0x000000000040eac0                A_SkelWhoosh
                0x000000000040eae6                A_SkelFist
                0x000000000040eb63                PIT_VileCheck
                0x000000000040ebf7                A_VileChase
                0x000000000040ed65                A_VileStart
                0x000000000040ed6f                A_StartFire
                0x000000000040ed83                A_Fire
                0x000000000040ee21                A_FireCrackle
                0x000000000040ee38                A_VileTarget
                0x000000000040ee8e                A_VileAttack
                0x000000000040ef7d                A_FatRaise
                0x000000000040ef94                A_FatAttack1
                0x000000000040f024                A_FatAttack2
                0x000000000040f0b8                A_FatAttack3
                0x000000000040f19d                A_SkullAttack
                0x000000000040f257                A_PainShootSkull
                0x000000000040f368                A_PainAttack
                0x000000000040f38c                A_PainDie
                0x000000000040f3c7                A_Scream
                0x000000000040f436                A_XScream
                0x000000000040f440                A_Pain
                0x000000000040f453                A_Explode
                0x000000000040f464                A_BossDeath
                0x000000000040f685                A_Hoof
                0x000000000040f69c                A_Metal
                0x000000000040f6b3                A_BabyMetal
                0x000000000040f6ca                A_OpenShotgun2
                0x000000000040f6d7                A_LoadShotgun2
                0x000000000040f6e4                A_CloseShotgun2
                0x000000000040f70d                A_BrainAwake
                0x000000000040f76c                A_BrainPain
                0x000000000040f778                A_BrainScream
                0x000000000040f818                A_BrainExplode
                0x000000000040f896                A_BrainDie
                0x000000000040f89b                A_BrainSpit
                0x000000000040f924                A_SpawnSound
                0x000000000040f938                A_SpawnFly
                0x000000000040fa4b                A_PlayerScream
 *fill*         0x000000000040fa6e        0x2 
 .text          0x000000000040fa70      0x79a build/p_floor.o
                0x000000000040fa70                T_MovePlane
                0x000000000040fbb0                T_MoveFloor
                0x000000000040fc4f                EV_DoFloor
                0x000000000041002d                EV_BuildStairs
 *fill*         0x000000000041020a        0x2 
 .text          0x000000000041020c      0xf07 build/p_inter.o
                0x000000000041020c                P_GiveAmmo
                0x000000000041033a                P_GiveWeapon
                0x0000000000410449                P_GiveBody
                0x0000000000410472                P_GiveArmor
                0x0000000000410488                P_GiveCard
                0x00000000004104a5                P_GivePower
                0x000000000041052a                P_TouchSpecialThing
                0x0000000000410c62                P_KillMobj
                0x0000000000410e14                P_DamageMobj
 *fill*         0x0000000000411113        0x1 
 .text          0x0000000000411114      0x3fc build/p_lights.o
                0x0000000000411114                T_FireFlicker
                0x000000000041114b                P_SpawnFireFlicker
                0x00000000004111a6                T_LightFlash
                0x00000000004111e3                P_SpawnLightFlash
                0x000000000041124f                T_StrobeFlash
                0x0000000000411280                P_SpawnStrobeFlash
                0x0000000000411306                EV_StartLightStrobing
                0x000000000041134f                EV_TurnTagLightsOff
                0x00000000004113d2                EV_LightTurnOn
                0x0000000000411460                T_Glow
                0x00000000004114b3                P_SpawnGlowingLight
 .text          0x0000000000411510     0x1551 build/p_map.o
                0x0000000000411510                PIT_StompThing
                0x000000000041158a                P_TeleportMove
                0x0000000000411710                PIT_CheckLine
                0x00000000004118b8                PIT_CheckThing
                0x0000000000411a64                P_CheckPosition
                0x0000000000411c3a                P_TryMove
                0x0000000000411dae                P_ThingHeightClip
                0x0000000000411e07                P_HitSlideLine
                0x0000000000411ef3                PTR_SlideTraverse
                0x0000000000411fae                P_SlideMove
                0x0000000000412199                PTR_AimTraverse
                0x000000000041231f                PTR_ShootTraverse
                0x0000000000412626                P_AimLineAttack
                0x00000000004126c3                P_LineAttack
                0x000000000041273d                PTR_UseTraverse
                0x00000000004127a5                P_UseLines
                0x00000000004127ea                PIT_RadiusAttack
                0x0000000000412878                P_RadiusAttack
                0x000000000041290f                PIT_ChangeSector
                0x00000000004129f6                P_ChangeSector
 *fill*         0x0000000000412a61        0x3 
 .text          0x0000000000412a64      0xaa1 build/p_maputl.o
                0x0000000000412a64                P_AproxDistance
                0x0000000000412a7f                P_PointOnLineSide
                0x0000000000412af6                P_BoxOnLineSide
                0x0000000000412ba6                P_PointOnDivlineSide
                0x0000000000412c29                P_MakeDivline
                0x0000000000412c43                P_InterceptVector
                0x0000000000412cbb                P_LineOpening
                0x0000000000412d07                P_UnsetThingPosition
                0x0000000000412da4                P_SetThingPosition
                0x0000000000412e50                P_BlockLinesIterator
                0x0000000000412ef0                P_BlockThingsIterator
                0x0000000000412f48                PIT_AddLineIntercepts
                0x00000000004130b9                PIT_AddThingIntercepts
                0x000000000041318b                P_TraverseIntercepts
                0x0000000000413225                P_PathTraverse
 *fill*         0x0000000000413505        0x3 
 .text          0x0000000000413508     0x110f build/p_mobj.o
                0x0000000000413508                P_SetMobjState
                0x000000000041358b                P_RemoveMobj
                0x000000000041361c                P_ExplodeMissile
                0x0000000000413682                P_XYMovement
                0x000000000041393f                P_ZMovement
                0x0000000000413aec                P_NightmareRespawn
                0x0000000000413c07                P_SpawnMobj
                0x0000000000413d44                P_MobjThinker
                0x0000000000413dfb                P_RespawnSpecials
                0x0000000000413f1b                P_SpawnPlayer
                0x000000000041404f                P_SpawnMapThing
                0x000000000041424c                P_SpawnPuff
                0x00000000004142d8                P_SpawnBlood
                0x000000000041436e                P_CheckMissileSpawn
                0x00000000004143c7                P_SubstNullMobj
                0x00000000004143ee                P_SpawnMissile
                0x00000000004144fe                P_SpawnPlayerMissile
 *fill*         0x0000000000414617        0x1 
 .text          0x0000000000414618      0x4f9 build/p_plats.o
                0x0000000000414618                T_PlatRaise
                0x000000000041474c                P_RemoveActivePlat
                0x00000000004147a0                EV_DoPlat
                0x0000000000414a76                P_ActivateInStasis
                0x0000000000414aa9                P_AddActivePlat
                0x0000000000414ad4                EV_StopPlat
 *fill*         0x0000000000414b11        0x3 
 .text          0x0000000000414b14      0xb8a build/p_pspr.o
                0x0000000000414b14                P_SetPsprite
                0x0000000000414ba8                P_CalcSwing
                0x0000000000414bf5                P_BringUpWeapon
                0x0000000000414c51                P_CheckAmmo
                0x0000000000414d69                P_FireWeapon
                0x0000000000414da9                P_DropWeapon
                0x0000000000414dbe                A_WeaponReady
                0x0000000000414ecb                A_ReFire
                0x0000000000414efa                A_CheckReload
                0x0000000000414eff                A_Lower
                0x0000000000414f3d                A_Raise
                0x0000000000414f6d                A_GunFlash
                0x0000000000414f9a                A_Punch
                0x0000000000415060                A_Saw
                0x000000000041516d                A_FireMissile
                0x0000000000415190                A_FireBFG
                0x00000000004151b4                A_FirePlasma
                0x0000000000415203                P_BulletSlope
                0x0000000000415274                P_GunShot
                0x00000000004152e5                A_FirePistol
                0x000000000041534b                A_FireShotgun
                0x00000000004153b7                A_FireShotgun2
                0x00000000004154a8                A_FireCGun
                0x0000000000415558                A_Light0
                0x0000000000415563                A_Light1
                0x000000000041556e                A_Light2
                0x0000000000415579                A_BFGSpray
                0x0000000000415619                A_BFGsound
                0x0000000000415626                P_SetupPsprites
                0x000000000041564d                P_MovePsprites
 *fill*         0x000000000041569e        0x2 
 .text          0x00000000004156a0     0x1b4c build/p_saveg.o
                0x00000000004156a0                P_TempSaveGameFile
                0x00000000004156cf                P_SaveGameFile
                0x0000000000415754                P_WriteSaveGameHeader
                0x0000000000415891                P_ReadSaveGameHeader
                0x00000000004159d0                P_ReadSaveGameEOF
                0x00000000004159e1                P_WriteSaveGameEOF
                0x00000000004159eb                P_ArchivePlayers
                0x0000000000415d6b                P_UnArchivePlayers
                0x00000000004160ca                P_ArchiveWorld
                0x00000000004162cb                P_UnArchiveWorld
                0x0000000000416506                P_ArchiveThinkers
                0x000000000041675c                P_UnArchiveThinkers
                0x0000000000416a4b                P_ArchiveSpecials
                0x0000000000416d75                P_UnArchiveSpecials
 .text          0x00000000004171ec      0xe57 build/p_setup.o
                0x00000000004171ec                P_LoadVertexes
                0x000000000041725e                GetSectorAtNullAddress
                0x00000000004172da                P_LoadSegs
                0x0000000000417449                P_LoadSubsectors
                0x00000000004174db                P_LoadSectors
                0x00000000004175c9                P_LoadNodes
                0x00000000004176bb                P_LoadThings
                0x000000000041777d                P_LoadLineDefs
                0x0000000000417987                P_LoadSideDefs
                0x0000000000417a78                P_LoadBlockMap
                0x0000000000417b07                P_GroupLines
                0x0000000000417d6d                P_SetupLevel
                0x000000000041802d                P_Init
 *fill*         0x0000000000418043        0x1 
 .text          0x0000000000418044      0x430 build/p_sight.o
                0x0000000000418044                P_DivlineSide
                0x00000000004180a6                P_InterceptVector2
                0x000000000041811e                P_CrossSubsector
                0x0000000000418314                P_CrossBSPNode
                0x00000000004183ac                P_CheckSight
 .text          0x0000000000418474      0xecc build/p_spec.o
                0x0000000000418474                P_InitPicAnims
                0x0000000000418552                getSide
                0x0000000000418585                getSector
                0x00000000004185b9                twoSided
                0x00000000004185db                getNextSector
                0x00000000004185f3                P_FindLowestFloorSurrounding
                0x0000000000418630                P_FindHighestFloorSurrounding
                0x0000000000418676                P_FindNextHighestFloor
                0x000000000041873a                P_FindLowestCeilingSurrounding
                0x0000000000418781                P_FindHighestCeilingSurrounding
                0x00000000004187c2                P_FindSectorFromLineTag
                0x0000000000418805                P_FindMinSurroundingLight
                0x0000000000418844                P_CrossSpecialLine
                0x0000000000418bec                P_ShootSpecialLine
                0x0000000000418c54                P_PlayerInSpecialSector
                0x0000000000418d36                P_UpdateSpecials
                0x0000000000418eb5                EV_DoDonut
                0x0000000000419193                P_SpawnSpecials
 .text          0x0000000000419340      0x580 build/p_switch.o
                0x0000000000419340                P_InitSwitchList
                0x00000000004193e3                P_StartButton
                0x0000000000419447                P_ChangeSwitchTexture
                0x00000000004195bd                P_UseSpecialLine
 .text          0x00000000004198c0      0x19a build/p_telept.o
                0x00000000004198c0                EV_Teleport
 *fill*         0x0000000000419a5a        0x2 
 .text          0x0000000000419a5c      0x11e build/p_tick.o
                0x0000000000419a5c                P_InitThinkers
                0x0000000000419a74                P_AddThinker
                0x0000000000419a92                P_RemoveThinker
                0x0000000000419a9b                P_AllocateThinker
                0x0000000000419a9c                P_RunThinkers
                0x0000000000419af7                P_Ticker
 *fill*         0x0000000000419b7a        0x2 
 .text          0x0000000000419b7c      0x4b4 build/p_user.o
                0x0000000000419b7c                P_Thrust
                0x0000000000419bba                P_CalcHeight
                0x0000000000419cc2                P_MovePlayer
                0x0000000000419d53                P_DeathThink
                0x0000000000419e1f                P_PlayerThink
 .text          0x000000000041a030      0x571 build/r_bsp.o
                0x000000000041a030                R_ClearDrawSegs
                0x000000000041a03c                R_ClipSolidWallSegment
                0x000000000041a174                R_ClipPassWallSegment
                0x000000000041a1e0                R_ClearClipSegs
                0x000000000041a20d                R_AddLine
                0x000000000041a324                R_CheckBBox
                0x000000000041a441                R_Subsector
                0x000000000041a519                R_RenderBSPNode
 *fill*         0x000000000041a5a1        0x3 
 .text          0x000000000041a5a4      0xeda build/r_data.o
                0x000000000041a5a4                R_DrawColumnInCache
                0x000000000041a618                R_GenerateComposite
                0x000000000041a756                R_GenerateLookup
                0x000000000041a908                R_GetColumn
                0x000000000041a978                R_InitTextures
                0x000000000041aed3                R_InitFlats
                0x000000000041af40                R_InitSpriteLumps
                0x000000000041b035                R_InitColormaps
                0x000000000041b055                R_InitData
                0x000000000041b0a2                R_FlatNumForName
                0x000000000041b0e3                R_CheckTextureNumForName
                0x000000000041b143                R_TextureNumForName
                0x000000000041b16d                R_PrecacheLevel
 *fill*         0x000000000041b47e        0x2 
 .text          0x000000000041b480      0xbeb build/r_draw.o
                0x000000000041b480                R_DrawColumn
                0x000000000041b537                R_DrawColumnLow
                0x000000000041b603                R_DrawFuzzColumn
                0x000000000041b6e5                R_DrawFuzzColumnLow
                0x000000000041b801                R_DrawTranslatedColumn
                0x000000000041b8c2                R_DrawTranslatedColumnLow
                0x000000000041b9b8                R_InitTranslationTables
                0x000000000041ba53                R_DrawSpan
                0x000000000041bb28                R_DrawSpanLow
                0x000000000041bc2d                R_InitBuffer
                0x000000000041bca5                R_FillBackScreen
                0x000000000041bf44                R_VideoErase
                0x000000000041bf68                R_DrawViewBorder
 *fill*         0x000000000041c06b        0x1 
 .text          0x000000000041c06c      0x938 build/r_main.o
                0x000000000041c06c                R_AddPointToBox
                0x000000000041c08b                R_PointOnSide
                0x000000000041c108                R_PointOnSegSide
                0x000000000041c192                R_PointToAngle
                0x000000000041c276                R_PointToAngle2
                0x000000000041c28b                R_PointToDist
                0x000000000041c2e4                R_InitPointToAngle
                0x000000000041c2e5                R_ScaleFromGlobalAngle
                0x000000000041c368                R_InitTables
                0x000000000041c369                R_InitTextureMapping
                0x000000000041c470                R_InitLightTables
                0x000000000041c501                R_SetViewSize
                0x000000000041c518                R_ExecuteSetViewSize
                0x000000000041c7b1                R_Init
                0x000000000041c835                R_PointInSubsector
                0x000000000041c892                R_SetupFrame
                0x000000000041c95e                R_RenderPlayerView
 .text          0x000000000041c9a4      0x718 build/r_plane.o
                0x000000000041c9a4                R_InitPlanes
                0x000000000041c9a5                R_MapPlane
                0x000000000041cb2e                R_ClearPlanes
                0x000000000041cbdb                R_FindPlane
                0x000000000041cc99                R_CheckPlane
                0x000000000041cd27                R_MakeSpans
                0x000000000041ce4c                R_DrawPlanes
 .text          0x000000000041d0bc      0xd8c build/r_segs.o
                0x000000000041d0bc                R_RenderMaskedSegRange
                0x000000000041d2d9                R_RenderSegLoop
                0x000000000041d5f0                R_StoreWallRange
 .text          0x000000000041de48        0xb build/r_sky.o
                0x000000000041de48                R_InitSkyMap
 *fill*         0x000000000041de53        0x1 
 .text          0x000000000041de54     0x1040 build/r_things.o
                0x000000000041de54                R_InstallSpriteLump
                0x000000000041df98                R_InitSpriteDefs
                0x000000000041e23d                R_InitSprites
                0x000000000041e25e                R_ClearSprites
                0x000000000041e26a                R_NewVisSprite
                0x000000000041e28d                R_DrawMaskedColumn
                0x000000000041e360                R_DrawVisSprite
                0x000000000041e48c                R_ProjectSprite
                0x000000000041e775                R_AddSprites
                0x000000000041e7e0                R_DrawPSprite
                0x000000000041e9ca                R_DrawPlayerSprites
                0x000000000041ea60                R_SortVisSprites
                0x000000000041eb70                R_DrawSprite
                0x000000000041edff                R_DrawMasked
 .text          0x000000000041ee94     0x145e build/sha1.o
                0x000000000041ee94                SHA1_Init
                0x000000000041eeaf                SHA1_Update
                0x00000000004200ef                SHA1_Final
                0x00000000004202a0                SHA1_UpdateInt32
                0x00000000004202ca                SHA1_UpdateString
 *fill*         0x00000000004202f2        0x2 
 .text          0x00000000004202f4       0x4d build/statdump.o
                0x00000000004202f4                StatCopy
                0x0000000000420340                StatDump
 *fill*         0x0000000000420341        0x3 
 .text          0x0000000000420344      0x3ee build/st_lib.o
                0x0000000000420344                STlib_init
                0x000000000042035d                STlib_initNum
                0x000000000042037d                STlib_drawNum
                0x0000000000420515                STlib_updateNum
                0x0000000000420523                STlib_initPercent
                0x0000000000420546                STlib_updatePercent
                0x0000000000420579                STlib_initMultIcon
                0x0000000000420592                STlib_updateMultIcon
                0x0000000000420665                STlib_initBinIcon
                0x000000000042067e                STlib_updateBinIcon
 *fill*         0x0000000000420732        0x2 
 .text          0x0000000000420734     0x19c0 build/st_stuff.o
                0x0000000000420734                ST_refreshBackground
                0x00000000004207a2                ST_Responder
                0x0000000000420c94                ST_calcPainOffset
                0x0000000000420ce4                ST_updateFaceWidget
                0x00000000004211f1                ST_updateWidgets
                0x000000000042134e                ST_Ticker
                0x0000000000421377                ST_doPaletteStuff
                0x0000000000421439                ST_drawWidgets
                0x0000000000421537                ST_doRefresh
                0x0000000000421552                ST_diffDraw
                0x0000000000421559                ST_Drawer
                0x00000000004215b5                ST_loadGraphics
                0x00000000004218bd                ST_loadData
                0x00000000004218d4                ST_unloadGraphics
                0x0000000000421bb1                ST_unloadData
                0x0000000000421bb6                ST_initData
                0x0000000000421c40                ST_createWidgets
                0x0000000000421fef                ST_Start
                0x0000000000422096                ST_Stop
                0x00000000004220c4                ST_Init
 .text          0x00000000004220f4      0x792 build/s_sound.o
                0x00000000004220f4                S_Init
                0x00000000004221a1                S_SetSfxVolume
                0x00000000004221c2                S_SetMusicVolume
                0x00000000004221e3                S_Shutdown
                0x00000000004221ef                S_Start
                0x00000000004222cc                S_ChangeMusic
                0x00000000004223a2                S_StopSound
                0x00000000004223db                S_StartSound
                0x0000000000422702                S_PauseSound
                0x0000000000422727                S_ResumeSound
                0x000000000042274c                S_UpdateSounds
                0x0000000000422824                S_StartMusic
                0x000000000042282b                S_StopMusic
                0x0000000000422881                S_MusicPlaying
 *fill*         0x0000000000422886        0x2 
 .text          0x0000000000422888       0x26 build/tables.o
                0x0000000000422888                SlopeDiv
 *fill*         0x00000000004228ae        0x2 
 .text          0x00000000004228b0      0xf17 build/v_video.o
                0x00000000004228b0                V_MarkRect
                0x0000000000422911                V_CopyRect
                0x00000000004229f5                V_SetPatchClipCallback
                0x00000000004229fd                V_DrawPatch
                0x0000000000422b3d                V_DrawPatchFlipped
                0x0000000000422c6b                V_DrawPatchDirect
                0x0000000000422c70                V_DrawTLPatch
                0x0000000000422d7d                V_DrawXlaPatch
                0x0000000000422e6b                V_DrawAltTLPatch
                0x0000000000422f78                V_DrawShadowedPatch
                0x000000000042309f                V_LoadTintTable
                0x00000000004230b8                V_LoadXlaTable
                0x00000000004230d1                V_DrawBlock
                0x0000000000423174                V_DrawFilledBox
                0x00000000004231c9                V_DrawHorizLine
                0x00000000004231f1                V_DrawVertLine
                0x0000000000423218                V_DrawBox
                0x00000000004232e8                V_DrawRawScreen
                0x00000000004232ff                V_Init
                0x0000000000423300                V_UseBuffer
                0x0000000000423308                V_RestoreBuffer
                0x0000000000423317                WritePCXfile
                0x000000000042341c                V_ScreenShot
                0x000000000042349c                V_DrawMouseSpeedBox
 *fill*         0x00000000004237c7        0x1 
 .text          0x00000000004237c8     0x234f build/wi_stuff.o
                0x00000000004237c8                WI_slamBackground
                0x00000000004237d8                WI_Responder
                0x00000000004237db                WI_drawLF
                0x00000000004238ae                WI_drawEL
                0x0000000000423919                WI_drawOnLnode
                0x00000000004239e7                WI_initAnimatedBack
                0x0000000000423aae                WI_updateAnimatedBack
                0x0000000000423bbe                WI_drawAnimatedBack
                0x0000000000423c2e                WI_drawNum
                0x0000000000423d1a                WI_drawPercent
                0x0000000000423d54                WI_drawTime
                0x0000000000423e0f                WI_End
                0x0000000000423e11                WI_unloadData
                0x0000000000424200                WI_initNoState
                0x000000000042421c                WI_updateNoState
                0x0000000000424232                WI_initShowNextLoc
                0x0000000000424252                WI_updateShowNextLoc
                0x00000000004242a1                WI_drawShowNextLoc
                0x0000000000424356                WI_drawNoState
                0x0000000000424365                WI_fragSum
                0x00000000004243b2                WI_initDeathmatchStats
                0x0000000000424423                WI_updateDeathmatchStats
                0x00000000004246a3                WI_drawDeathmatchStats
                0x0000000000424898                WI_initNetgameStats
                0x000000000042495a                WI_updateNetgameStats
                0x0000000000424d37                WI_drawNetgameStats
                0x0000000000424fa7                WI_initStats
                0x0000000000424ff4                WI_updateStats
                0x0000000000425337                WI_drawStats
                0x000000000042545a                WI_checkForAccelerate
                0x00000000004254bc                WI_Ticker
                0x000000000042553a                WI_loadData
                0x00000000004259ed                WI_Drawer
                0x0000000000425a34                WI_initVariables
                0x0000000000425aa0                WI_Start
 *fill*         0x0000000000425b17        0x1 
 .text          0x0000000000425b18      0x10f build/w_checksum.o
                0x0000000000425b18                W_Checksum
 *fill*         0x0000000000425c27        0x1 
 .text          0x0000000000425c28       0x27 build/w_file.o
                0x0000000000425c28                W_OpenFile
                0x0000000000425c40                W_CloseFile
                0x0000000000425c46                W_Read
 *fill*         0x0000000000425c4f        0x1 
 .text          0x0000000000425c50       0x83 build/w_main.o
                0x0000000000425c50                W_ParseCommandLine
 *fill*         0x0000000000425cd3        0x1 
 .text          0x0000000000425cd4      0x71d build/w_wad.o
                0x0000000000425cd4                W_LumpNameHash
                0x0000000000425d06                W_AddFile
                0x0000000000425fb3                W_NumLumps
                0x0000000000425fba                W_CheckNumForName
                0x0000000000426092                W_GetNumForName
                0x00000000004260bb                W_LumpLength
                0x00000000004260e7                W_ReadLump
                0x0000000000426161                W_CacheLumpNum
                0x0000000000426222                W_CacheLumpName
                0x0000000000426234                W_ReleaseLumpNum
                0x0000000000426283                W_ReleaseLumpName
                0x000000000042628e                W_GenerateHashTable
                0x0000000000426371                W_CheckCorrectIWAD
 *fill*         0x00000000004263f1        0x3 
 .text          0x00000000004263f4      0x5d5 build/z_zone.o
                0x00000000004263f4                Z_ClearZone
                0x000000000042642b                Z_Init
                0x0000000000426482                Z_Free
                0x000000000042652a                Z_Malloc
                0x0000000000426645                Z_FreeTags
                0x0000000000426695                Z_DumpHeap
                0x0000000000426767                Z_FileDumpHeap
                0x0000000000426882                Z_CheckHeap
                0x000000000042690c                Z_ChangeTag2
                0x0000000000426965                Z_ChangeUser
                0x0000000000426993                Z_FreeMemory
                0x00000000004269bf                Z_ZoneSize
 *fill*         0x00000000004269c9        0x3 
 .text          0x00000000004269cc       0xa1 build/w_file_stdc.o
                0x00000000004269cc                W_StdC_Read
 *fill*         0x0000000000426a6d        0x3 
 .text          0x0000000000426a70       0xd8 build/i_input.o
                0x0000000000426a70                I_GetEvent
                0x0000000000426b47                I_InitInput
 .text          0x0000000000426b48      0x43a build/i_video.o
                0x0000000000426b48                cmap_to_rgb565
                0x0000000000426b9c                cmap_to_fb
                0x0000000000426c7a                I_InitGraphics
                0x0000000000426df5                I_ShutdownGraphics
                0x0000000000426e01                I_StartFrame
                0x0000000000426e02                I_StartTic
                0x0000000000426e07                I_UpdateNoBlit
                0x0000000000426e08                I_FinishUpdate
                0x0000000000426eca                I_ReadScreen
                0x0000000000426edb                I_SetPalette
                0x0000000000426f2b                I_GetPaletteIndex
                0x0000000000426f75                I_BeginRead
                0x0000000000426f76                I_EndRead
                0x0000000000426f77                I_SetWindowTitle
                0x0000000000426f7c                I_GraphicsCheckCommandLine
                0x0000000000426f7d                I_SetGrabMouseCallback
                0x0000000000426f7e                I_EnableLoadingDisk
                0x0000000000426f7f                I_BindVideoVariables
                0x0000000000426f80                I_DisplayFPSDots
                0x0000000000426f81                I_CheckIsScreensaver
 *fill*         0x0000000000426f82        0x2 
 .text          0x0000000000426f84       0x31 build/doomgeneric.o
                0x0000000000426f84                doomgeneric_Create
 *fill*         0x0000000000426fb5        0x3 
 .text          0x0000000000426fb8      0x3bc build/doomgeneric_xlib.o
                0x0000000000426fb8                DG_Init
                0x000000000042711b                DG_DrawFrame
                0x0000000000427295                DG_SleepMs
                0x00000000004272a0                DG_GetTicksMs
                0x00000000004272e1                DG_GetKey
                0x0000000000427314                DG_SetWindowTitle
                0x0000000000427365                main
 *fill*         0x0000000000427374        0xc 
 .text          0x0000000000427380       0x72 /usr/lib/x86_64-linux-gnu/libc_nonshared.a(elf-init.oS)
                0x0000000000427380                __libc_csu_init
                0x00000000004273f0                __libc_csu_fini
 *(.gnu.warning)

.fini           0x00000000004273f4        0x9
 *(SORT_NONE(.fini))
 .fini          0x00000000004273f4        0x4 /usr/bin/../lib/gcc/x86_64-linux-gnu/7.5.0/../../../x86_64-linux-gnu/crti.o
                0x00000000004273f4                _fini
 .fini          0x00000000004273f8        0x5 /usr/bin/../lib/gcc/x86_64-linux-gnu/7.5.0/../../../x86_64-linux-gnu/crtn.o
                [!provide]                        PROVIDE (__etext = .)
                [!provide]                        PROVIDE (_etext = .)
                [!provide]                        PROVIDE (etext = .)

.rodata         0x0000000000427400    0x19320
 *(.rodata .rodata.* .gnu.linkonce.r.*)
 .rodata.str1.1
                0x0000000000427400       0x67 build/am_map.o
 *fill*         0x0000000000427467        0x9 
 .rodata.cst32  0x0000000000427470       0x20 build/am_map.o
 .rodata.cst16  0x0000000000427490       0x10 build/am_map.o
 .rodata.str1.1
                0x00000000004274a0      0x328 build/dstrings.o
 .rodata.str1.1
                0x00000000004277c8      0x189 build/d_iwad.o
                                        0x1a6 (size before relaxing)
 *fill*         0x0000000000427951        0xf 
 .rodata        0x0000000000427960      0x150 build/d_iwad.o
 .rodata.str1.16
                0x0000000000427ab0       0x2d build/d_iwad.o
 .rodata.str1.1
                0x0000000000427add       0x54 build/d_loop.o
 *fill*         0x0000000000427b31        0xf 
 .rodata.str1.16
                0x0000000000427b40       0x1a build/d_loop.o
 *fill*         0x0000000000427b5a        0x6 
 .rodata        0x0000000000427b60      0x240 build/d_main.o
 .rodata.cst16  0x0000000000427da0       0x10 build/d_main.o
 .rodata.str1.1
                0x0000000000427db0      0x4ed build/d_main.o
                                        0x53b (size before relaxing)
 *fill*         0x000000000042829d        0x3 
 .rodata.str1.16
                0x00000000004282a0      0x4d9 build/d_main.o
 *fill*         0x0000000000428779        0x7 
 .rodata        0x0000000000428780      0x188 build/d_mode.o
 .rodata.str1.1
                0x0000000000428908       0x1a build/d_mode.o
                                         0x3c (size before relaxing)
 .rodata.str1.1
                0x0000000000428922       0xb3 build/d_net.o
                                         0xcb (size before relaxing)
 *fill*         0x00000000004289d5        0xb 
 .rodata.str1.16
                0x00000000004289e0       0xaa build/d_net.o
 *fill*         0x0000000000428a8a        0x6 
 .rodata        0x0000000000428a90       0x20 build/f_finale.o
 .rodata.str1.1
                0x0000000000428ab0     0x1ef5 build/f_finale.o
                                       0x1f08 (size before relaxing)
 *fill*         0x000000000042a9a5        0xb 
 .rodata        0x000000000042a9b0       0x30 build/f_wipe.o
 .rodata        0x000000000042a9e0      0x1e8 build/g_game.o
 *fill*         0x000000000042abc8        0x8 
 .rodata.cst16  0x000000000042abd0       0x10 build/g_game.o
 .rodata.cst4   0x000000000042abe0        0x4 build/g_game.o
 .rodata.str1.1
                0x000000000042abe4      0x348 build/g_game.o
                                        0x369 (size before relaxing)
 *fill*         0x000000000042af2c        0x4 
 .rodata        0x000000000042af30       0x20 build/hu_stuff.o
 .rodata.str1.1
                0x000000000042af50      0xc0f build/hu_stuff.o
 .rodata.str1.1
                0x000000000042bb5f      0x2a3 build/info.o
                                        0x2b2 (size before relaxing)
 .rodata.str1.1
                0x000000000042be02       0xa7 build/i_joystick.o
 .rodata.str1.1
                0x000000000042bea9       0x9e build/i_sound.o
                                         0x9f (size before relaxing)
 .rodata.str1.1
                0x000000000042bf47       0xfb build/i_system.o
 .rodata        0x000000000042c042       0x1e build/i_system.o
 .rodata.str1.16
                0x000000000042c060      0x116 build/i_system.o
 *fill*         0x000000000042c176        0xa 
 .rodata.cst16  0x000000000042c180       0x10 build/m_bbox.o
 .rodata        0x000000000042c190      0x230 build/m_config.o
 .rodata.str1.1
                0x000000000042c3c0      0xa6e build/m_config.o
                                        0xc1c (size before relaxing)
 .rodata.str1.1
                0x000000000042ce2e       0x16 build/m_controls.o
                                        0x630 (size before relaxing)
 .rodata.str1.1
                0x000000000042ce44      0x3f7 build/m_menu.o
                                        0x40f (size before relaxing)
 *fill*         0x000000000042d23b        0x5 
 .rodata        0x000000000042d240       0x20 build/m_menu.o
 .rodata.str1.1
                0x000000000042d260       0xde build/m_misc.o
                                         0xec (size before relaxing)
 *fill*         0x000000000042d33e        0x2 
 .rodata        0x000000000042d340      0x100 build/m_random.o
 .rodata        0x000000000042d440       0x60 build/p_ceilng.o
 .rodata        0x000000000042d4a0       0xa0 build/p_doors.o
 .rodata.str1.1
                0x000000000042d540      0x137 build/p_doors.o
 *fill*         0x000000000042d677        0x1 
 .rodata        0x000000000042d678       0x20 build/p_enemy.o
 .rodata.str1.1
                0x000000000042d698       0x3b build/p_enemy.o
 *fill*         0x000000000042d6d3        0x5 
 .rodata        0x000000000042d6d8       0x68 build/p_floor.o
 .rodata        0x000000000042d740      0x188 build/p_inter.o
 .rodata.str1.1
                0x000000000042d8c8      0x3d7 build/p_inter.o
 .rodata.str1.1
                0x000000000042dc9f       0x72 build/p_map.o
 *fill*         0x000000000042dd11        0xf 
 .rodata        0x000000000042dd20      0x248 build/p_maputl.o
 .rodata.str1.1
                0x000000000042df68       0x2d build/p_mobj.o
 *fill*         0x000000000042df95        0x3 
 .rodata        0x000000000042df98       0x28 build/p_plats.o
 .rodata.str1.1
                0x000000000042dfc0       0x45 build/p_plats.o
 *fill*         0x000000000042e005        0x3 
 .rodata        0x000000000042e008       0x40 build/p_saveg.o
 .rodata.str1.1
                0x000000000042e048       0xc3 build/p_saveg.o
                                         0xe1 (size before relaxing)
 .rodata.str1.1
                0x000000000042e10b       0x5a build/p_setup.o
 .rodata.str1.1
                0x000000000042e165       0x28 build/p_sight.o
 *fill*         0x000000000042e18d        0x3 
 .rodata        0x000000000042e190      0x550 build/p_spec.o
 .rodata.str1.1
                0x000000000042e6e0      0x242 build/p_spec.o
 *fill*         0x000000000042e922        0x6 
 .rodata        0x000000000042e928      0x460 build/p_switch.o
 .rodata.str1.1
                0x000000000042ed88       0x25 build/p_switch.o
 .rodata.str1.1
                0x000000000042edad       0x23 build/r_bsp.o
 .rodata.str1.1
                0x000000000042edd0      0x120 build/r_data.o
                                        0x12e (size before relaxing)
 .rodata.str1.1
                0x000000000042eef0       0xa6 build/r_draw.o
 .rodata.str1.1
                0x000000000042ef96       0xa6 build/r_plane.o
 .rodata.str1.1
                0x000000000042f03c       0x20 build/r_segs.o
 .rodata.str1.1
                0x000000000042f05c      0x1d2 build/r_things.o
 *fill*         0x000000000042f22e        0x2 
 .rodata.cst16  0x000000000042f230       0x10 build/sha1.o
 .rodata.str1.1
                0x000000000042f240      0x186 build/sounds.o
                                        0x191 (size before relaxing)
 .rodata.str1.1
                0x000000000042f3c6        0xa build/statdump.o
 .rodata.str1.1
                0x000000000042f3c6       0x5b build/st_lib.o
 *fill*         0x000000000042f421        0xf 
 .rodata.cst16  0x000000000042f430       0x20 build/st_stuff.o
 .rodata.str1.1
                0x000000000042f450      0x1b1 build/st_stuff.o
                                        0x1b9 (size before relaxing)
 *fill*         0x000000000042f601        0xf 
 .rodata        0x000000000042f610       0x24 build/s_sound.o
 .rodata.str1.1
                0x000000000042f634       0x69 build/s_sound.o
 *fill*         0x000000000042f69d        0x3 
 .rodata        0x000000000042f6a0    0x10510 build/tables.o
                0x000000000042f6a0                finetangent
                0x00000000004336a0                finesine
                0x000000000043d6a0                tantoangle
                0x000000000043f6b0                gammatable
 .rodata.cst4   0x000000000043fbb0        0x4 build/v_video.o
 *fill*         0x000000000043fbb4        0xc 
 .rodata.cst16  0x000000000043fbc0       0x10 build/v_video.o
 .rodata.cst8   0x000000000043fbd0        0x8 build/v_video.o
 .rodata.str1.1
                0x000000000043fbd8      0x100 build/v_video.o
                                        0x108 (size before relaxing)
 *fill*         0x000000000043fcd8        0x8 
 .rodata        0x000000000043fce0      0x1d0 build/wi_stuff.o
 .rodata.str1.1
                0x000000000043feb0       0xf9 build/wi_stuff.o
                                        0x10b (size before relaxing)
 *fill*         0x000000000043ffa9        0x7 
 .rodata.str4.16
                0x000000000043ffb0       0x10 build/wi_stuff.o
 .rodata.str1.1
                0x000000000043ffc0        0x6 build/w_file.o
 .rodata.str1.1
                0x000000000043ffc6        0x6 build/w_main.o
                                         0x12 (size before relaxing)
 .rodata.str1.1
                0x000000000043ffcc      0x1d2 build/w_wad.o
                                        0x1d6 (size before relaxing)
 *fill*         0x000000000044019e        0x2 
 .rodata        0x00000000004401a0       0x40 build/w_wad.o
 .rodata.str1.1
                0x00000000004401e0      0x2a0 build/z_zone.o
 .rodata.str1.16
                0x0000000000440480       0x90 build/z_zone.o
 .rodata.str1.1
                0x0000000000440510        0x3 build/w_file_stdc.o
 .rodata        0x0000000000440510       0x80 build/i_input.o
 .rodata.str1.1
                0x0000000000440590      0x149 build/i_video.o
 *fill*         0x00000000004406d9        0x7 
 .rodata.str1.16
                0x00000000004406e0       0x20 build/i_video.o
                                         0x12 (size before relaxing)
 .rodata        0x0000000000440700       0x20 build/doomgeneric_xlib.o

.rodata1
 *(.rodata1)

.eh_frame_hdr   0x0000000000440720     0x1a3c
 *(.eh_frame_hdr)
 .eh_frame_hdr  0x0000000000440720     0x1a3c /usr/bin/../lib/gcc/x86_64-linux-gnu/7.5.0/../../../x86_64-linux-gnu/crt1.o
                0x0000000000440720                __GNU_EH_FRAME_HDR
 *(.eh_frame_entry .eh_frame_entry.*)

.eh_frame       0x0000000000442160     0x6088
 *(.eh_frame)
 .eh_frame      0x0000000000442160       0x58 /usr/bin/../lib/gcc/x86_64-linux-gnu/7.5.0/../../../x86_64-linux-gnu/crt1.o
                                         0x5c (size before relaxing)
 *fill*         0x00000000004421b8        0x0 
 .eh_frame      0x00000000004421b8       0x28 /usr/bin/../lib/gcc/x86_64-linux-gnu/7.5.0/../../../x86_64-linux-gnu/crt1.o
                                         0x40 (size before relaxing)
 .eh_frame      0x00000000004421e0        0x0 /usr/bin/../lib/gcc/x86_64-linux-gnu/7.5.0/../../../x86_64-linux-gnu/crt1.o
 .eh_frame      0x00000000004421e0        0x0 build/dummy.o
                                         0x30 (size before relaxing)
 .eh_frame      0x00000000004421e0      0x3d8 build/am_map.o
                                        0x3f0 (size before relaxing)
 .eh_frame      0x00000000004425b8       0x28 build/d_event.o
                                         0x40 (size before relaxing)
 .eh_frame      0x00000000004425e0       0xf8 build/d_iwad.o
                                        0x110 (size before relaxing)
 .eh_frame      0x00000000004426d8       0xf0 build/d_loop.o
                                        0x108 (size before relaxing)
 .eh_frame      0x00000000004427c8      0x198 build/d_main.o
                                        0x1b0 (size before relaxing)
 .eh_frame      0x0000000000442960       0x88 build/d_mode.o
                                         0xa0 (size before relaxing)
 .eh_frame      0x00000000004429e8       0x60 build/d_net.o
                                         0x78 (size before relaxing)
 .eh_frame      0x0000000000442a48      0x148 build/f_finale.o
                                        0x160 (size before relaxing)
 .eh_frame      0x0000000000442b90      0x148 build/f_wipe.o
                                        0x160 (size before relaxing)
 .eh_frame      0x0000000000442cd8      0x3b0 build/g_game.o
                                        0x3c8 (size before relaxing)
 .eh_frame      0x0000000000443088      0x200 build/hu_lib.o
                                        0x218 (size before relaxing)
 .eh_frame      0x0000000000443288       0xf0 build/hu_stuff.o
                                        0x108 (size before relaxing)
 .eh_frame      0x0000000000443378        0x0 build/i_cdmus.o
                                         0xd0 (size before relaxing)
 .eh_frame      0x0000000000443378       0x18 build/i_endoom.o
                                         0x30 (size before relaxing)
 .eh_frame      0x0000000000443390       0x60 build/i_joystick.o
                                         0x78 (size before relaxing)
 .eh_frame      0x00000000004433f0        0x0 build/i_scale.o
                                        0x2b8 (size before relaxing)
 .eh_frame      0x00000000004433f0      0x190 build/i_sound.o
                                        0x1a8 (size before relaxing)
 .eh_frame      0x0000000000443580      0x140 build/i_system.o
                                        0x158 (size before relaxing)
 .eh_frame      0x00000000004436c0       0x78 build/i_timer.o
                                         0x90 (size before relaxing)
 .eh_frame      0x0000000000443738        0x0 build/memio.o
                                         0xf8 (size before relaxing)
 .eh_frame      0x0000000000443738       0x80 build/m_argv.o
                                         0x98 (size before relaxing)
 .eh_frame      0x00000000004437b8       0x28 build/m_bbox.o
                                         0x40 (size before relaxing)
 .eh_frame      0x00000000004437e0       0x40 build/m_cheat.o
                                         0x58 (size before relaxing)
 .eh_frame      0x0000000000443820      0x150 build/m_config.o
                                        0x168 (size before relaxing)
 .eh_frame      0x0000000000443970       0xc8 build/m_controls.o
                                         0xe0 (size before relaxing)
 .eh_frame      0x0000000000443a38       0x28 build/m_fixed.o
                                         0x40 (size before relaxing)
 .eh_frame      0x0000000000443a60      0x550 build/m_menu.o
                                        0x568 (size before relaxing)
 .eh_frame      0x0000000000443fb0      0x290 build/m_misc.o
                                        0x2a8 (size before relaxing)
 .eh_frame      0x0000000000444240       0x40 build/m_random.o
                                         0x58 (size before relaxing)
 .eh_frame      0x0000000000444280       0xb0 build/p_ceilng.o
                                         0xc8 (size before relaxing)
 .eh_frame      0x0000000000444330       0xc0 build/p_doors.o
                                         0xd8 (size before relaxing)
 .eh_frame      0x00000000004443f0      0x728 build/p_enemy.o
                                        0x740 (size before relaxing)
 .eh_frame      0x0000000000444b18       0xb0 build/p_floor.o
                                         0xc8 (size before relaxing)
 .eh_frame      0x0000000000444bc8      0x110 build/p_inter.o
                                        0x128 (size before relaxing)
 .eh_frame      0x0000000000444cd8      0x160 build/p_lights.o
                                        0x178 (size before relaxing)
 .eh_frame      0x0000000000444e38      0x2d0 build/p_map.o
                                        0x2e8 (size before relaxing)
 .eh_frame      0x0000000000445108      0x228 build/p_maputl.o
                                        0x240 (size before relaxing)
 .eh_frame      0x0000000000445330      0x258 build/p_mobj.o
                                        0x270 (size before relaxing)
 .eh_frame      0x0000000000445588       0xb0 build/p_plats.o
                                         0xc8 (size before relaxing)
 .eh_frame      0x0000000000445638      0x330 build/p_pspr.o
                                        0x348 (size before relaxing)
 .eh_frame      0x0000000000445968      0x300 build/p_saveg.o
                                        0x318 (size before relaxing)
 .eh_frame      0x0000000000445c68      0x1e0 build/p_setup.o
                                        0x1f8 (size before relaxing)
 .eh_frame      0x0000000000445e48       0xa8 build/p_sight.o
                                         0xc0 (size before relaxing)
 .eh_frame      0x0000000000445ef0      0x1e0 build/p_spec.o
                                        0x1f8 (size before relaxing)
 .eh_frame      0x00000000004460d0       0x88 build/p_switch.o
                                         0xa0 (size before relaxing)
 .eh_frame      0x0000000000446158       0x38 build/p_telept.o
                                         0x50 (size before relaxing)
 .eh_frame      0x0000000000446190       0x90 build/p_tick.o
                                         0xa8 (size before relaxing)
 .eh_frame      0x0000000000446220       0x88 build/p_user.o
                                         0xa0 (size before relaxing)
 .eh_frame      0x00000000004462a8       0xf8 build/r_bsp.o
                                        0x110 (size before relaxing)
 .eh_frame      0x00000000004463a0      0x1d0 build/r_data.o
                                        0x1e8 (size before relaxing)
 .eh_frame      0x0000000000446570      0x180 build/r_draw.o
                                        0x198 (size before relaxing)
 .eh_frame      0x00000000004466f0      0x1c0 build/r_main.o
                                        0x1d8 (size before relaxing)
 .eh_frame      0x00000000004468b0      0x110 build/r_plane.o
                                        0x128 (size before relaxing)
 .eh_frame      0x00000000004469c0       0x90 build/r_segs.o
                                         0xa8 (size before relaxing)
 .eh_frame      0x0000000000446a50       0x18 build/r_sky.o
                                         0x30 (size before relaxing)
 .eh_frame      0x0000000000446a68      0x1f8 build/r_things.o
                                        0x210 (size before relaxing)
 .eh_frame      0x0000000000446c60       0xe8 build/sha1.o
                                        0x100 (size before relaxing)
 .eh_frame      0x0000000000446d48       0x38 build/statdump.o
                                         0x50 (size before relaxing)
 .eh_frame      0x0000000000446d80      0x130 build/st_lib.o
                                        0x148 (size before relaxing)
 .eh_frame      0x0000000000446eb0      0x228 build/st_stuff.o
                                        0x240 (size before relaxing)
 .eh_frame      0x00000000004470d8      0x1e0 build/s_sound.o
                                        0x1f8 (size before relaxing)
 .eh_frame      0x00000000004472b8       0x18 build/tables.o
                                         0x30 (size before relaxing)
 .eh_frame      0x00000000004472d0      0x338 build/v_video.o
                                        0x350 (size before relaxing)
 .eh_frame      0x0000000000447608      0x3f0 build/wi_stuff.o
                                        0x408 (size before relaxing)
 .eh_frame      0x00000000004479f8       0x38 build/w_checksum.o
                                         0x50 (size before relaxing)
 .eh_frame      0x0000000000447a30       0x40 build/w_file.o
                                         0x58 (size before relaxing)
 .eh_frame      0x0000000000447a70       0x28 build/w_main.o
                                         0x40 (size before relaxing)
 .eh_frame      0x0000000000447a98      0x1c0 build/w_wad.o
                                        0x1d8 (size before relaxing)
 .eh_frame      0x0000000000447c58      0x180 build/z_zone.o
                                        0x198 (size before relaxing)
 .eh_frame      0x0000000000447dd8       0x58 build/w_file_stdc.o
                                         0x70 (size before relaxing)
 .eh_frame      0x0000000000447e30       0x40 build/i_input.o
                                         0x58 (size before relaxing)
 .eh_frame      0x0000000000447e70      0x1e0 build/i_video.o
                                        0x1f8 (size before relaxing)
 .eh_frame      0x0000000000448050       0x18 build/doomgeneric.o
                                         0x30 (size before relaxing)
 .eh_frame      0x0000000000448068      0x120 build/doomgeneric_xlib.o
                                        0x138 (size before relaxing)
 .eh_frame      0x0000000000448188       0x5c /usr/lib/x86_64-linux-gnu/libc_nonshared.a(elf-init.oS)
                                         0x78 (size before relaxing)
 .eh_frame      0x00000000004481e4        0x4 /usr/bin/../lib/gcc/x86_64-linux-gnu/7.5.0/crtend.o
 *(.eh_frame.*)

.gcc_except_table
 *(.gcc_except_table .gcc_except_table.*)

.gnu_extab
 *(.gnu_extab*)

.exception_ranges
 *(.exception_ranges .exception_ranges*)
                0x0000000000648df0                . = DATA_SEGMENT_ALIGN (CONSTANT (MAXPAGESIZE), CONSTANT (COMMONPAGESIZE))

.eh_frame
 *(.eh_frame)
 *(.eh_frame.*)

.gnu_extab
 *(.gnu_extab)

.gcc_except_table
 *(.gcc_except_table .gcc_except_table.*)

.exception_ranges
 *(.exception_ranges .exception_ranges*)

.tdata
 *(.tdata .tdata.* .gnu.linkonce.td.*)

.tbss
 *(.tbss .tbss.* .gnu.linkonce.tb.*)
 *(.tcommon)

.preinit_array  0x0000000000648df0        0x0
                [!provide]                        PROVIDE (__preinit_array_start = .)
 *(.preinit_array)
                [!provide]                        PROVIDE (__preinit_array_end = .)

.init_array     0x0000000000648df0        0x8
                0x0000000000648df0                PROVIDE (__init_array_start = .)
 *(SORT_BY_INIT_PRIORITY(.init_array.*) SORT_BY_INIT_PRIORITY(.ctors.*))
 *(.init_array EXCLUDE_FILE(*crtend?.o *crtend.o *crtbegin?.o *crtbegin.o) .ctors)
 .init_array    0x0000000000648df0        0x8 /usr/bin/../lib/gcc/x86_64-linux-gnu/7.5.0/crtbegin.o